*.asax           
*.asmx         
*.aspx         
*.bat          
*.bdcm          
*.bmp          
*.cer           
*.cmd          
*.config       
*.c            
*.cpp           
*.cs            
*.css          
*.cshtml       
*.csproj        
*.csv           
*.dbml          
*.dbp          
*.doc          
*.docx         
*.eap          
.*config       
*.edmx         
*.eot          
*.gif          
.gitignore     
.gitkeep       
*.h              
*.htm*           
*.ico          
*.ini          
*.ipynb        
*.jpg          
*.js           
*.json         
*.jmx          
*.licx         
license        
*.manifest     
*.map          
*.md           
*.mpp          
*.nuspec       
Pipfile        
*.pk*          
*.png          
*.psproj       
*.ps*1         
*.pfx          
*.ppt          
*.pptx         
*.pubxml       
*.puml         
*.pvk          
*.py           
*.resx         
*.rdl          
*.rdlc         
*.rptproj      
*.settings     
*.shfbproj     
*.sql          
*.sqlproj      
*.svg          
*.targets      
*.tif          
*.ts           
*.tt           
*.ttf          
*.txt          
*.pdf          
*.sln           
*.svc           
.tfignore       
*.vbs           
*.woff*        
*.xls          
*.xlsx         
*.xml          
*.xaml         
*.xsd          
*.xsl*         
*.yaml         
yarn.lock      
